core_cm7.h:2464:22:SCB_InvalidateDCache_by_Addr	32	static,ignoring_inline_asm
ethernetif.c:136:6:HAL_ETH_MspInit	64	static
ethernetif.c:201:6:HAL_ETH_MspDeInit	16	static
ethernetif.c:246:6:HAL_ETH_RxCpltCallback	16	static
ethernetif.c:265:13:low_level_init	192	static
ethernetif.c:430:14:low_level_output	80	static
ethernetif.c:477:22:low_level_input	48	static
ethernetif.c:515:6:ethernetif_input	24	static
ethernetif.c:575:7:ethernetif_init	16	static
ethernetif.c:619:6:pbuf_free_custom	24	static
ethernetif.c:639:7:sys_jiffies	8	static
ethernetif.c:650:7:sys_now	8	static
ethernetif.c:665:9:ETH_PHY_IO_Init	8	static
ethernetif.c:682:9:ETH_PHY_IO_DeInit	4	static
ethernetif.c:694:9:ETH_PHY_IO_ReadReg	24	static
ethernetif.c:711:9:ETH_PHY_IO_WriteReg	24	static
ethernetif.c:725:9:ETH_PHY_IO_GetTick	8	static
ethernetif.c:736:6:ethernet_link_thread	136	static
