Archive member included to satisfy reference by file (symbol)

d:/st/stm32cubeide_1.3.0/stm32cubeide/plugins/com.st.stm32cube.ide.mcu.externaltools.gnu-tools-for-stm32.7-2018-q2-update.win32_1.0.0.201904181610/tools/bin/../lib/gcc/arm-none-eabi/7.3.1/../../../../arm-none-eabi/lib/thumb/v7e-m/fpv4-sp/hard\libc_nano.a(lib_a-errno.o)
                              Core/Src/syscalls.o (__errno)
d:/st/stm32cubeide_1.3.0/stm32cubeide/plugins/com.st.stm32cube.ide.mcu.externaltools.gnu-tools-for-stm32.7-2018-q2-update.win32_1.0.0.201904181610/tools/bin/../lib/gcc/arm-none-eabi/7.3.1/../../../../arm-none-eabi/lib/thumb/v7e-m/fpv4-sp/hard\libc_nano.a(lib_a-exit.o)
                              d:/st/stm32cubeide_1.3.0/stm32cubeide/plugins/com.st.stm32cube.ide.mcu.externaltools.gnu-tools-for-stm32.7-2018-q2-update.win32_1.0.0.201904181610/tools/bin/../lib/gcc/arm-none-eabi/7.3.1/../../../../arm-none-eabi/lib/thumb/v7e-m/fpv4-sp/hard/crt0.o (exit)
d:/st/stm32cubeide_1.3.0/stm32cubeide/plugins/com.st.stm32cube.ide.mcu.externaltools.gnu-tools-for-stm32.7-2018-q2-update.win32_1.0.0.201904181610/tools/bin/../lib/gcc/arm-none-eabi/7.3.1/../../../../arm-none-eabi/lib/thumb/v7e-m/fpv4-sp/hard\libc_nano.a(lib_a-impure.o)
                              d:/st/stm32cubeide_1.3.0/stm32cubeide/plugins/com.st.stm32cube.ide.mcu.externaltools.gnu-tools-for-stm32.7-2018-q2-update.win32_1.0.0.201904181610/tools/bin/../lib/gcc/arm-none-eabi/7.3.1/../../../../arm-none-eabi/lib/thumb/v7e-m/fpv4-sp/hard\libc_nano.a(lib_a-exit.o) (_global_impure_ptr)
d:/st/stm32cubeide_1.3.0/stm32cubeide/plugins/com.st.stm32cube.ide.mcu.externaltools.gnu-tools-for-stm32.7-2018-q2-update.win32_1.0.0.201904181610/tools/bin/../lib/gcc/arm-none-eabi/7.3.1/../../../../arm-none-eabi/lib/thumb/v7e-m/fpv4-sp/hard\libc_nano.a(lib_a-init.o)
                              d:/st/stm32cubeide_1.3.0/stm32cubeide/plugins/com.st.stm32cube.ide.mcu.externaltools.gnu-tools-for-stm32.7-2018-q2-update.win32_1.0.0.201904181610/tools/bin/../lib/gcc/arm-none-eabi/7.3.1/../../../../arm-none-eabi/lib/thumb/v7e-m/fpv4-sp/hard/crt0.o (__libc_init_array)
d:/st/stm32cubeide_1.3.0/stm32cubeide/plugins/com.st.stm32cube.ide.mcu.externaltools.gnu-tools-for-stm32.7-2018-q2-update.win32_1.0.0.201904181610/tools/bin/../lib/gcc/arm-none-eabi/7.3.1/../../../../arm-none-eabi/lib/thumb/v7e-m/fpv4-sp/hard\libc_nano.a(lib_a-memcpy-stub.o)
                              Middlewares/Third_Party/FreeRTOS/Source/queue.o (memcpy)
d:/st/stm32cubeide_1.3.0/stm32cubeide/plugins/com.st.stm32cube.ide.mcu.externaltools.gnu-tools-for-stm32.7-2018-q2-update.win32_1.0.0.201904181610/tools/bin/../lib/gcc/arm-none-eabi/7.3.1/../../../../arm-none-eabi/lib/thumb/v7e-m/fpv4-sp/hard\libc_nano.a(lib_a-memset.o)
                              d:/st/stm32cubeide_1.3.0/stm32cubeide/plugins/com.st.stm32cube.ide.mcu.externaltools.gnu-tools-for-stm32.7-2018-q2-update.win32_1.0.0.201904181610/tools/bin/../lib/gcc/arm-none-eabi/7.3.1/../../../../arm-none-eabi/lib/thumb/v7e-m/fpv4-sp/hard/crt0.o (memset)
d:/st/stm32cubeide_1.3.0/stm32cubeide/plugins/com.st.stm32cube.ide.mcu.externaltools.gnu-tools-for-stm32.7-2018-q2-update.win32_1.0.0.201904181610/tools/bin/../lib/gcc/arm-none-eabi/7.3.1/thumb/v7e-m/fpv4-sp/hard\libgcc.a(_aeabi_uldivmod.o)
                              Drivers/STM32H7xx_HAL_Driver/Src/stm32h7xx_hal_uart.o (__aeabi_uldivmod)
d:/st/stm32cubeide_1.3.0/stm32cubeide/plugins/com.st.stm32cube.ide.mcu.externaltools.gnu-tools-for-stm32.7-2018-q2-update.win32_1.0.0.201904181610/tools/bin/../lib/gcc/arm-none-eabi/7.3.1/thumb/v7e-m/fpv4-sp/hard\libgcc.a(_udivmoddi4.o)
                              d:/st/stm32cubeide_1.3.0/stm32cubeide/plugins/com.st.stm32cube.ide.mcu.externaltools.gnu-tools-for-stm32.7-2018-q2-update.win32_1.0.0.201904181610/tools/bin/../lib/gcc/arm-none-eabi/7.3.1/thumb/v7e-m/fpv4-sp/hard\libgcc.a(_aeabi_uldivmod.o) (__udivmoddi4)
d:/st/stm32cubeide_1.3.0/stm32cubeide/plugins/com.st.stm32cube.ide.mcu.externaltools.gnu-tools-for-stm32.7-2018-q2-update.win32_1.0.0.201904181610/tools/bin/../lib/gcc/arm-none-eabi/7.3.1/thumb/v7e-m/fpv4-sp/hard\libgcc.a(_dvmd_tls.o)
                              d:/st/stm32cubeide_1.3.0/stm32cubeide/plugins/com.st.stm32cube.ide.mcu.externaltools.gnu-tools-for-stm32.7-2018-q2-update.win32_1.0.0.201904181610/tools/bin/../lib/gcc/arm-none-eabi/7.3.1/thumb/v7e-m/fpv4-sp/hard\libgcc.a(_aeabi_uldivmod.o) (__aeabi_ldiv0)

Allocating common symbols
Common symbol       size              file

defaultTaskHandle   0x4               Core/Src/freertos.o
huart3              0x8c              Core/Src/usart.o
uwTick              0x4               Drivers/STM32H7xx_HAL_Driver/Src/stm32h7xx_hal.o
xQueueRegistry      0x40              Middlewares/Third_Party/FreeRTOS/Source/queue.o
pFlash              0x1c              Drivers/STM32H7xx_HAL_Driver/Src/stm32h7xx_hal_flash.o
htim1               0x40              Core/Src/stm32h7xx_hal_timebase_tim.o

Discarded input sections

[...]
Memory Configuration

Name             Origin             Length             Attributes
FLASH            0x0000000008100000 0x0000000000100000 xr
RAM              0x0000000010000000 0x0000000000048000 xrw
*default*        0x0000000000000000 0xffffffffffffffff

Linker script and memory map

LOAD d:/st/stm32cubeide_1.3.0/stm32cubeide/plugins/com.st.stm32cube.ide.mcu.externaltools.gnu-tools-for-stm32.7-2018-q2-update.win32_1.0.0.201904181610/tools/bin/../lib/gcc/arm-none-eabi/7.3.1/thumb/v7e-m/fpv4-sp/hard/crti.o
LOAD d:/st/stm32cubeide_1.3.0/stm32cubeide/plugins/com.st.stm32cube.ide.mcu.externaltools.gnu-tools-for-stm32.7-2018-q2-update.win32_1.0.0.201904181610/tools/bin/../lib/gcc/arm-none-eabi/7.3.1/thumb/v7e-m/fpv4-sp/hard/crtbegin.o
LOAD d:/st/stm32cubeide_1.3.0/stm32cubeide/plugins/com.st.stm32cube.ide.mcu.externaltools.gnu-tools-for-stm32.7-2018-q2-update.win32_1.0.0.201904181610/tools/bin/../lib/gcc/arm-none-eabi/7.3.1/../../../../arm-none-eabi/lib/thumb/v7e-m/fpv4-sp/hard/crt0.o
LOAD Common/Src/system_stm32h7xx_dualcore_boot_cm4_cm7.o
LOAD Core/Src/freertos.o
LOAD Core/Src/main.o
LOAD Core/Src/stm32h7xx_hal_msp.o
LOAD Core/Src/stm32h7xx_hal_timebase_tim.o
LOAD Core/Src/stm32h7xx_it.o
LOAD Core/Src/syscalls.o
LOAD Core/Src/sysmem.o
LOAD Core/Src/usart.o
LOAD Core/Startup/startup_stm32h745zitx.o
LOAD Drivers/BSP/Components/lan8742/lan8742.o
LOAD Drivers/STM32H7xx_HAL_Driver/Src/stm32h7xx_hal.o
LOAD Drivers/STM32H7xx_HAL_Driver/Src/stm32h7xx_hal_cortex.o
LOAD Drivers/STM32H7xx_HAL_Driver/Src/stm32h7xx_hal_dma.o
LOAD Drivers/STM32H7xx_HAL_Driver/Src/stm32h7xx_hal_dma_ex.o
LOAD Drivers/STM32H7xx_HAL_Driver/Src/stm32h7xx_hal_eth.o
LOAD Drivers/STM32H7xx_HAL_Driver/Src/stm32h7xx_hal_eth_ex.o
LOAD Drivers/STM32H7xx_HAL_Driver/Src/stm32h7xx_hal_exti.o
LOAD Drivers/STM32H7xx_HAL_Driver/Src/stm32h7xx_hal_flash.o
LOAD Drivers/STM32H7xx_HAL_Driver/Src/stm32h7xx_hal_flash_ex.o
LOAD Drivers/STM32H7xx_HAL_Driver/Src/stm32h7xx_hal_gpio.o
LOAD Drivers/STM32H7xx_HAL_Driver/Src/stm32h7xx_hal_hsem.o
LOAD Drivers/STM32H7xx_HAL_Driver/Src/stm32h7xx_hal_i2c.o
LOAD Drivers/STM32H7xx_HAL_Driver/Src/stm32h7xx_hal_i2c_ex.o
LOAD Drivers/STM32H7xx_HAL_Driver/Src/stm32h7xx_hal_mdma.o
LOAD Drivers/STM32H7xx_HAL_Driver/Src/stm32h7xx_hal_pcd.o
LOAD Drivers/STM32H7xx_HAL_Driver/Src/stm32h7xx_hal_pcd_ex.o
LOAD Drivers/STM32H7xx_HAL_Driver/Src/stm32h7xx_hal_pwr.o
LOAD Drivers/STM32H7xx_HAL_Driver/Src/stm32h7xx_hal_pwr_ex.o
LOAD Drivers/STM32H7xx_HAL_Driver/Src/stm32h7xx_hal_rcc.o
LOAD Drivers/STM32H7xx_HAL_Driver/Src/stm32h7xx_hal_rcc_ex.o
LOAD Drivers/STM32H7xx_HAL_Driver/Src/stm32h7xx_hal_tim.o
LOAD Drivers/STM32H7xx_HAL_Driver/Src/stm32h7xx_hal_tim_ex.o
LOAD Drivers/STM32H7xx_HAL_Driver/Src/stm32h7xx_hal_uart.o
LOAD Drivers/STM32H7xx_HAL_Driver/Src/stm32h7xx_hal_uart_ex.o
LOAD Drivers/STM32H7xx_HAL_Driver/Src/stm32h7xx_ll_usb.o
LOAD Middlewares/Third_Party/FreeRTOS/Source/CMSIS_RTOS/cmsis_os.o
LOAD Middlewares/Third_Party/FreeRTOS/Source/croutine.o
LOAD Middlewares/Third_Party/FreeRTOS/Source/event_groups.o
LOAD Middlewares/Third_Party/FreeRTOS/Source/list.o
LOAD Middlewares/Third_Party/FreeRTOS/Source/queue.o
LOAD Middlewares/Third_Party/FreeRTOS/Source/stream_buffer.o
LOAD Middlewares/Third_Party/FreeRTOS/Source/tasks.o
LOAD Middlewares/Third_Party/FreeRTOS/Source/timers.o
LOAD Middlewares/Third_Party/FreeRTOS/Source/portable/GCC/ARM_CM4F/port.o
LOAD Middlewares/Third_Party/FreeRTOS/Source/portable/MemMang/heap_4.o
START GROUP
LOAD d:/st/stm32cubeide_1.3.0/stm32cubeide/plugins/com.st.stm32cube.ide.mcu.externaltools.gnu-tools-for-stm32.7-2018-q2-update.win32_1.0.0.201904181610/tools/bin/../lib/gcc/arm-none-eabi/7.3.1/../../../../arm-none-eabi/lib/thumb/v7e-m/fpv4-sp/hard\libc_nano.a
LOAD d:/st/stm32cubeide_1.3.0/stm32cubeide/plugins/com.st.stm32cube.ide.mcu.externaltools.gnu-tools-for-stm32.7-2018-q2-update.win32_1.0.0.201904181610/tools/bin/../lib/gcc/arm-none-eabi/7.3.1/../../../../arm-none-eabi/lib/thumb/v7e-m/fpv4-sp/hard\libm.a
END GROUP
START GROUP
LOAD d:/st/stm32cubeide_1.3.0/stm32cubeide/plugins/com.st.stm32cube.ide.mcu.externaltools.gnu-tools-for-stm32.7-2018-q2-update.win32_1.0.0.201904181610/tools/bin/../lib/gcc/arm-none-eabi/7.3.1/thumb/v7e-m/fpv4-sp/hard\libgcc.a
LOAD d:/st/stm32cubeide_1.3.0/stm32cubeide/plugins/com.st.stm32cube.ide.mcu.externaltools.gnu-tools-for-stm32.7-2018-q2-update.win32_1.0.0.201904181610/tools/bin/../lib/gcc/arm-none-eabi/7.3.1/../../../../arm-none-eabi/lib/thumb/v7e-m/fpv4-sp/hard\libc_nano.a
END GROUP
START GROUP
LOAD d:/st/stm32cubeide_1.3.0/stm32cubeide/plugins/com.st.stm32cube.ide.mcu.externaltools.gnu-tools-for-stm32.7-2018-q2-update.win32_1.0.0.201904181610/tools/bin/../lib/gcc/arm-none-eabi/7.3.1/thumb/v7e-m/fpv4-sp/hard\libgcc.a
LOAD d:/st/stm32cubeide_1.3.0/stm32cubeide/plugins/com.st.stm32cube.ide.mcu.externaltools.gnu-tools-for-stm32.7-2018-q2-update.win32_1.0.0.201904181610/tools/bin/../lib/gcc/arm-none-eabi/7.3.1/../../../../arm-none-eabi/lib/thumb/v7e-m/fpv4-sp/hard\libc_nano.a
LOAD d:/st/stm32cubeide_1.3.0/stm32cubeide/plugins/com.st.stm32cube.ide.mcu.externaltools.gnu-tools-for-stm32.7-2018-q2-update.win32_1.0.0.201904181610/tools/bin/../lib/gcc/arm-none-eabi/7.3.1/../../../../arm-none-eabi/lib/thumb/v7e-m/fpv4-sp/hard\libnosys.a
END GROUP
START GROUP
LOAD d:/st/stm32cubeide_1.3.0/stm32cubeide/plugins/com.st.stm32cube.ide.mcu.externaltools.gnu-tools-for-stm32.7-2018-q2-update.win32_1.0.0.201904181610/tools/bin/../lib/gcc/arm-none-eabi/7.3.1/thumb/v7e-m/fpv4-sp/hard\libgcc.a
LOAD d:/st/stm32cubeide_1.3.0/stm32cubeide/plugins/com.st.stm32cube.ide.mcu.externaltools.gnu-tools-for-stm32.7-2018-q2-update.win32_1.0.0.201904181610/tools/bin/../lib/gcc/arm-none-eabi/7.3.1/../../../../arm-none-eabi/lib/thumb/v7e-m/fpv4-sp/hard\libc_nano.a
LOAD d:/st/stm32cubeide_1.3.0/stm32cubeide/plugins/com.st.stm32cube.ide.mcu.externaltools.gnu-tools-for-stm32.7-2018-q2-update.win32_1.0.0.201904181610/tools/bin/../lib/gcc/arm-none-eabi/7.3.1/../../../../arm-none-eabi/lib/thumb/v7e-m/fpv4-sp/hard\libnosys.a
END GROUP
LOAD d:/st/stm32cubeide_1.3.0/stm32cubeide/plugins/com.st.stm32cube.ide.mcu.externaltools.gnu-tools-for-stm32.7-2018-q2-update.win32_1.0.0.201904181610/tools/bin/../lib/gcc/arm-none-eabi/7.3.1/thumb/v7e-m/fpv4-sp/hard/crtend.o
LOAD d:/st/stm32cubeide_1.3.0/stm32cubeide/plugins/com.st.stm32cube.ide.mcu.externaltools.gnu-tools-for-stm32.7-2018-q2-update.win32_1.0.0.201904181610/tools/bin/../lib/gcc/arm-none-eabi/7.3.1/thumb/v7e-m/fpv4-sp/hard/crtn.o
                0x0000000010048000                _estack = 0x10048000
                0x0000000000000200                _Min_Heap_Size = 0x200
                0x0000000000000400                _Min_Stack_Size = 0x400

.isr_vector     0x0000000008100000      0x298
                0x0000000008100000                . = ALIGN (0x4)
 *(.isr_vector)
 .isr_vector    0x0000000008100000      0x298 Core/Startup/startup_stm32h745zitx.o
                0x0000000008100000                g_pfnVectors
                0x0000000008100298                . = ALIGN (0x4)

.text           0x00000000081002a0     0x2460
                0x00000000081002a0                . = ALIGN (0x4)
 *(.text)
 .text          0x00000000081002a0       0x40 d:/st/stm32cubeide_1.3.0/stm32cubeide/plugins/com.st.stm32cube.ide.mcu.externaltools.gnu-tools-for-stm32.7-2018-q2-update.win32_1.0.0.201904181610/tools/bin/../lib/gcc/arm-none-eabi/7.3.1/thumb/v7e-m/fpv4-sp/hard/crtbegin.o
 *(.text*)
 .text.SystemInit
                0x00000000081002e0       0x38 Common/Src/system_stm32h7xx_dualcore_boot_cm4_cm7.o
                0x00000000081002e0                SystemInit
 .text.vApplicationGetIdleTaskMemory
                0x0000000008100318       0x34 Core/Src/freertos.o
                0x0000000008100318                vApplicationGetIdleTaskMemory
 .text.MX_FREERTOS_Init
                0x000000000810034c       0x38 Core/Src/freertos.o
                0x000000000810034c                MX_FREERTOS_Init
 .text.StartDefaultTask
                0x0000000008100384       0x10 Core/Src/freertos.o
                0x0000000008100384                StartDefaultTask
 .text.main     0x0000000008100394       0x84 Core/Src/main.o
                0x0000000008100394                main
 .text.HAL_TIM_PeriodElapsedCallback
                0x0000000008100418       0x24 Core/Src/main.o
                0x0000000008100418                HAL_TIM_PeriodElapsedCallback
 .text.HAL_MspInit
                0x000000000810043c       0x3c Core/Src/stm32h7xx_hal_msp.o
                0x000000000810043c                HAL_MspInit
 .text.HAL_InitTick
                0x0000000008100478       0xb8 Core/Src/stm32h7xx_hal_timebase_tim.o
                0x0000000008100478                HAL_InitTick
 .text.NMI_Handler
                0x0000000008100530        0xe Core/Src/stm32h7xx_it.o
                0x0000000008100530                NMI_Handler
 .text.HardFault_Handler
                0x000000000810053e        0x6 Core/Src/stm32h7xx_it.o
                0x000000000810053e                HardFault_Handler
 .text.MemManage_Handler
                0x0000000008100544        0x6 Core/Src/stm32h7xx_it.o
                0x0000000008100544                MemManage_Handler
 .text.BusFault_Handler
                0x000000000810054a        0x6 Core/Src/stm32h7xx_it.o
                0x000000000810054a                BusFault_Handler
 .text.UsageFault_Handler
                0x0000000008100550        0x6 Core/Src/stm32h7xx_it.o
                0x0000000008100550                UsageFault_Handler
 .text.DebugMon_Handler
                0x0000000008100556        0xe Core/Src/stm32h7xx_it.o
                0x0000000008100556                DebugMon_Handler
 .text.TIM1_UP_IRQHandler
                0x0000000008100564       0x14 Core/Src/stm32h7xx_it.o
                0x0000000008100564                TIM1_UP_IRQHandler
 .text.Reset_Handler
                0x0000000008100578       0x50 Core/Startup/startup_stm32h745zitx.o
                0x0000000008100578                Reset_Handler
 .text.Default_Handler
                0x00000000081005c8        0x2 Core/Startup/startup_stm32h745zitx.o
                0x00000000081005c8                RTC_Alarm_IRQHandler
                0x00000000081005c8                EXTI2_IRQHandler
                0x00000000081005c8                TIM8_CC_IRQHandler
                0x00000000081005c8                HRTIM1_Master_IRQHandler
                0x00000000081005c8                UART8_IRQHandler
                0x00000000081005c8                SPI4_IRQHandler
                0x00000000081005c8                TIM1_CC_IRQHandler
                0x00000000081005c8                BDMA_Channel6_IRQHandler
                0x00000000081005c8                DMA2_Stream5_IRQHandler
                0x00000000081005c8                HRTIM1_FLT_IRQHandler
                0x00000000081005c8                JPEG_IRQHandler
                0x00000000081005c8                DMA1_Stream5_IRQHandler
                0x00000000081005c8                BDMA_Channel1_IRQHandler
                0x00000000081005c8                HRTIM1_TIMD_IRQHandler
                0x00000000081005c8                TAMP_STAMP_IRQHandler
                0x00000000081005c8                EXTI3_IRQHandler
                0x00000000081005c8                LPTIM4_IRQHandler
                0x00000000081005c8                TIM8_TRG_COM_TIM14_IRQHandler
                0x00000000081005c8                LPTIM2_IRQHandler
                0x00000000081005c8                DFSDM1_FLT1_IRQHandler
                0x00000000081005c8                DMAMUX2_OVR_IRQHandler
                0x00000000081005c8                TIM8_UP_TIM13_IRQHandler
                0x00000000081005c8                I2C3_ER_IRQHandler
                0x00000000081005c8                DFSDM1_FLT2_IRQHandler
                0x00000000081005c8                MDMA_IRQHandler
                0x00000000081005c8                LPTIM3_IRQHandler
                0x00000000081005c8                HSEM1_IRQHandler
                0x00000000081005c8                EXTI0_IRQHandler
                0x00000000081005c8                I2C2_EV_IRQHandler
                0x00000000081005c8                DMA1_Stream2_IRQHandler
                0x00000000081005c8                FPU_IRQHandler
                0x00000000081005c8                OTG_HS_WKUP_IRQHandler
                0x00000000081005c8                FDCAN1_IT1_IRQHandler
                0x00000000081005c8                LTDC_ER_IRQHandler
                0x00000000081005c8                DMA2_Stream2_IRQHandler
                0x00000000081005c8                HRTIM1_TIME_IRQHandler
                0x00000000081005c8                SPI1_IRQHandler
                0x00000000081005c8                TIM6_DAC_IRQHandler
                0x00000000081005c8                DCMI_IRQHandler
                0x00000000081005c8                HRTIM1_TIMC_IRQHandler
                0x00000000081005c8                DMA2_Stream3_IRQHandler
                0x00000000081005c8                SAI2_IRQHandler
                0x00000000081005c8                DFSDM1_FLT3_IRQHandler
                0x00000000081005c8                USART6_IRQHandler
                0x00000000081005c8                TIM17_IRQHandler
                0x00000000081005c8                USART3_IRQHandler
                0x00000000081005c8                BDMA_Channel7_IRQHandler
                0x00000000081005c8                LPTIM5_IRQHandler
                0x00000000081005c8                UART5_IRQHandler
                0x00000000081005c8                ADC3_IRQHandler
                0x00000000081005c8                DMA2_Stream0_IRQHandler
                0x00000000081005c8                TIM4_IRQHandler
                0x00000000081005c8                BDMA_Channel2_IRQHandler
                0x00000000081005c8                QUADSPI_IRQHandler
                0x00000000081005c8                I2C1_EV_IRQHandler
                0x00000000081005c8                DMA1_Stream6_IRQHandler
                0x00000000081005c8                DMAMUX1_OVR_IRQHandler
                0x00000000081005c8                DMA1_Stream1_IRQHandler
                0x00000000081005c8                TIM16_IRQHandler
                0x00000000081005c8                UART4_IRQHandler
                0x00000000081005c8                BDMA_Channel5_IRQHandler
                0x00000000081005c8                TIM3_IRQHandler
                0x00000000081005c8                RCC_IRQHandler
                0x00000000081005c8                TIM8_BRK_TIM12_IRQHandler
                0x00000000081005c8                TIM1_TRG_COM_IRQHandler
                0x00000000081005c8                Default_Handler
                0x00000000081005c8                ECC_IRQHandler
                0x00000000081005c8                CEC_IRQHandler
                0x00000000081005c8                EXTI15_10_IRQHandler
                0x00000000081005c8                BDMA_Channel0_IRQHandler
                0x00000000081005c8                ADC_IRQHandler
                0x00000000081005c8                DMA1_Stream7_IRQHandler
                0x00000000081005c8                HRTIM1_TIMA_IRQHandler
                0x00000000081005c8                SPI5_IRQHandler
                0x00000000081005c8                TIM7_IRQHandler
                0x00000000081005c8                SDMMC1_IRQHandler
                0x00000000081005c8                TIM5_IRQHandler
                0x00000000081005c8                DMA2_Stream7_IRQHandler
                0x00000000081005c8                TIM15_IRQHandler
                0x00000000081005c8                PVD_AVD_IRQHandler
                0x00000000081005c8                I2C3_EV_IRQHandler
                0x00000000081005c8                EXTI9_5_IRQHandler
                0x00000000081005c8                RTC_WKUP_IRQHandler
                0x00000000081005c8                LTDC_IRQHandler
                0x00000000081005c8                SAI3_IRQHandler
                0x00000000081005c8                ETH_WKUP_IRQHandler
                0x00000000081005c8                SPDIF_RX_IRQHandler
                0x00000000081005c8                SPI2_IRQHandler
                0x00000000081005c8                OTG_HS_EP1_IN_IRQHandler
                0x00000000081005c8                DMA1_Stream0_IRQHandler
                0x00000000081005c8                CRS_IRQHandler
                0x00000000081005c8                CM7_SEV_IRQHandler
                0x00000000081005c8                EXTI4_IRQHandler
                0x00000000081005c8                RNG_IRQHandler
                0x00000000081005c8                CM4_SEV_IRQHandler
                0x00000000081005c8                HRTIM1_TIMB_IRQHandler
                0x00000000081005c8                FDCAN2_IT1_IRQHandler
                0x00000000081005c8                ETH_IRQHandler
                0x00000000081005c8                WWDG_RST_IRQHandler
                0x00000000081005c8                BDMA_Channel4_IRQHandler
                0x00000000081005c8                OTG_HS_EP1_OUT_IRQHandler
                0x00000000081005c8                WWDG_IRQHandler
                0x00000000081005c8                SPI6_IRQHandler
                0x00000000081005c8                MDIOS_IRQHandler
                0x00000000081005c8                I2C4_EV_IRQHandler
                0x00000000081005c8                FDCAN2_IT0_IRQHandler
                0x00000000081005c8                LPUART1_IRQHandler
                0x00000000081005c8                FDCAN1_IT0_IRQHandler
                0x00000000081005c8                TIM2_IRQHandler
                0x00000000081005c8                OTG_FS_WKUP_IRQHandler
                0x00000000081005c8                OTG_HS_IRQHandler
                0x00000000081005c8                HSEM2_IRQHandler
                0x00000000081005c8                DMA2D_IRQHandler
                0x00000000081005c8                TIM1_BRK_IRQHandler
                0x00000000081005c8                EXTI1_IRQHandler
                0x00000000081005c8                SDMMC2_IRQHandler
                0x00000000081005c8                OTG_FS_EP1_OUT_IRQHandler
                0x00000000081005c8                BDMA_Channel3_IRQHandler
                0x00000000081005c8                HOLD_CORE_IRQHandler
                0x00000000081005c8                UART7_IRQHandler
                0x00000000081005c8                MDIOS_WKUP_IRQHandler
                0x00000000081005c8                USART2_IRQHandler
                0x00000000081005c8                DFSDM1_FLT0_IRQHandler
                0x00000000081005c8                SAI4_IRQHandler
                0x00000000081005c8                I2C2_ER_IRQHandler
                0x00000000081005c8                DMA2_Stream1_IRQHandler
                0x00000000081005c8                FLASH_IRQHandler
                0x00000000081005c8                DMA2_Stream4_IRQHandler
                0x00000000081005c8                USART1_IRQHandler
                0x00000000081005c8                OTG_FS_IRQHandler
                0x00000000081005c8                SPI3_IRQHandler
                0x00000000081005c8                WAKEUP_PIN_IRQHandler
                0x00000000081005c8                DMA1_Stream4_IRQHandler
                0x00000000081005c8                OTG_FS_EP1_IN_IRQHandler
                0x00000000081005c8                I2C1_ER_IRQHandler
                0x00000000081005c8                FMC_IRQHandler
                0x00000000081005c8                FDCAN_CAL_IRQHandler
                0x00000000081005c8                SWPMI1_IRQHandler
                0x00000000081005c8                COMP1_IRQHandler
                0x00000000081005c8                LPTIM1_IRQHandler
                0x00000000081005c8                I2C4_ER_IRQHandler
                0x00000000081005c8                DMA2_Stream6_IRQHandler
                0x00000000081005c8                SAI1_IRQHandler
                0x00000000081005c8                DMA1_Stream3_IRQHandler
 *fill*         0x00000000081005ca        0x2 
 .text.HAL_Init
                0x00000000081005cc       0xbc Drivers/STM32H7xx_HAL_Driver/Src/stm32h7xx_hal.o
                0x00000000081005cc                HAL_Init
 .text.HAL_IncTick
                0x0000000008100688       0x28 Drivers/STM32H7xx_HAL_Driver/Src/stm32h7xx_hal.o
                0x0000000008100688                HAL_IncTick
 .text.__NVIC_SetPriorityGrouping
                0x00000000081006b0       0x48 Drivers/STM32H7xx_HAL_Driver/Src/stm32h7xx_hal_cortex.o
 .text.__NVIC_GetPriorityGrouping
                0x00000000081006f8       0x1c Drivers/STM32H7xx_HAL_Driver/Src/stm32h7xx_hal_cortex.o
 .text.__NVIC_EnableIRQ
                0x0000000008100714       0x3c Drivers/STM32H7xx_HAL_Driver/Src/stm32h7xx_hal_cortex.o
 .text.__NVIC_SetPriority
                0x0000000008100750       0x54 Drivers/STM32H7xx_HAL_Driver/Src/stm32h7xx_hal_cortex.o
 .text.NVIC_EncodePriority
                0x00000000081007a4       0x66 Drivers/STM32H7xx_HAL_Driver/Src/stm32h7xx_hal_cortex.o
 .text.HAL_NVIC_SetPriorityGrouping
                0x000000000810080a       0x16 Drivers/STM32H7xx_HAL_Driver/Src/stm32h7xx_hal_cortex.o
                0x000000000810080a                HAL_NVIC_SetPriorityGrouping
 .text.HAL_NVIC_SetPriority
                0x0000000008100820       0x34 Drivers/STM32H7xx_HAL_Driver/Src/stm32h7xx_hal_cortex.o
                0x0000000008100820                HAL_NVIC_SetPriority
 .text.HAL_NVIC_EnableIRQ
                0x0000000008100854       0x1c Drivers/STM32H7xx_HAL_Driver/Src/stm32h7xx_hal_cortex.o
                0x0000000008100854                HAL_NVIC_EnableIRQ
 .text.HAL_GetCurrentCPUID
                0x0000000008100870       0x28 Drivers/STM32H7xx_HAL_Driver/Src/stm32h7xx_hal_cortex.o
                0x0000000008100870                HAL_GetCurrentCPUID
 .text.HAL_HSEM_ActivateNotification
                0x0000000008100898       0x24 Drivers/STM32H7xx_HAL_Driver/Src/stm32h7xx_hal_hsem.o
                0x0000000008100898                HAL_HSEM_ActivateNotification
 .text.HAL_PWREx_EnterSTOPMode
                0x00000000081008bc       0xd4 Drivers/STM32H7xx_HAL_Driver/Src/stm32h7xx_hal_pwr_ex.o
                0x00000000081008bc                HAL_PWREx_EnterSTOPMode
 .text.HAL_PWREx_ClearPendingEvent
                0x0000000008100990       0x1a Drivers/STM32H7xx_HAL_Driver/Src/stm32h7xx_hal_pwr_ex.o
                0x0000000008100990                HAL_PWREx_ClearPendingEvent
 *fill*         0x00000000081009aa        0x2 
 .text.HAL_RCC_GetSysClockFreq
                0x00000000081009ac      0x2e4 Drivers/STM32H7xx_HAL_Driver/Src/stm32h7xx_hal_rcc.o
                0x00000000081009ac                HAL_RCC_GetSysClockFreq
 .text.HAL_RCC_GetHCLKFreq
                0x0000000008100c90       0x64 Drivers/STM32H7xx_HAL_Driver/Src/stm32h7xx_hal_rcc.o
                0x0000000008100c90                HAL_RCC_GetHCLKFreq
 .text.HAL_RCC_GetPCLK2Freq
                0x0000000008100cf4       0x2c Drivers/STM32H7xx_HAL_Driver/Src/stm32h7xx_hal_rcc.o
                0x0000000008100cf4                HAL_RCC_GetPCLK2Freq
 .text.HAL_RCC_GetClockConfig
                0x0000000008100d20       0x84 Drivers/STM32H7xx_HAL_Driver/Src/stm32h7xx_hal_rcc.o
                0x0000000008100d20                HAL_RCC_GetClockConfig
 .text.HAL_TIM_Base_Init
                0x0000000008100da4       0x56 Drivers/STM32H7xx_HAL_Driver/Src/stm32h7xx_hal_tim.o
                0x0000000008100da4                HAL_TIM_Base_Init
 .text.HAL_TIM_Base_MspInit
                0x0000000008100dfa       0x14 Drivers/STM32H7xx_HAL_Driver/Src/stm32h7xx_hal_tim.o
                0x0000000008100dfa                HAL_TIM_Base_MspInit
 *fill*         0x0000000008100e0e        0x2 
 .text.HAL_TIM_Base_Start_IT
                0x0000000008100e10       0x54 Drivers/STM32H7xx_HAL_Driver/Src/stm32h7xx_hal_tim.o
                0x0000000008100e10                HAL_TIM_Base_Start_IT
 .text.HAL_TIM_IRQHandler
                0x0000000008100e64      0x23e Drivers/STM32H7xx_HAL_Driver/Src/stm32h7xx_hal_tim.o
                0x0000000008100e64                HAL_TIM_IRQHandler
 .text.HAL_TIM_OC_DelayElapsedCallback
                0x00000000081010a2       0x14 Drivers/STM32H7xx_HAL_Driver/Src/stm32h7xx_hal_tim.o
                0x00000000081010a2                HAL_TIM_OC_DelayElapsedCallback
 .text.HAL_TIM_IC_CaptureCallback
                0x00000000081010b6       0x14 Drivers/STM32H7xx_HAL_Driver/Src/stm32h7xx_hal_tim.o
                0x00000000081010b6                HAL_TIM_IC_CaptureCallback
 .text.HAL_TIM_PWM_PulseFinishedCallback
                0x00000000081010ca       0x14 Drivers/STM32H7xx_HAL_Driver/Src/stm32h7xx_hal_tim.o
                0x00000000081010ca                HAL_TIM_PWM_PulseFinishedCallback
 .text.HAL_TIM_TriggerCallback
                0x00000000081010de       0x14 Drivers/STM32H7xx_HAL_Driver/Src/stm32h7xx_hal_tim.o
                0x00000000081010de                HAL_TIM_TriggerCallback
 *fill*         0x00000000081010f2        0x2 
 .text.TIM_Base_SetConfig
                0x00000000081010f4      0x134 Drivers/STM32H7xx_HAL_Driver/Src/stm32h7xx_hal_tim.o
                0x00000000081010f4                TIM_Base_SetConfig
 .text.HAL_TIMEx_CommutCallback
                0x0000000008101228       0x14 Drivers/STM32H7xx_HAL_Driver/Src/stm32h7xx_hal_tim_ex.o
                0x0000000008101228                HAL_TIMEx_CommutCallback
 .text.HAL_TIMEx_BreakCallback
                0x000000000810123c       0x14 Drivers/STM32H7xx_HAL_Driver/Src/stm32h7xx_hal_tim_ex.o
                0x000000000810123c                HAL_TIMEx_BreakCallback
 .text.HAL_TIMEx_Break2Callback
                0x0000000008101250       0x14 Drivers/STM32H7xx_HAL_Driver/Src/stm32h7xx_hal_tim_ex.o
                0x0000000008101250                HAL_TIMEx_Break2Callback
 .text.makeFreeRtosPriority
                0x0000000008101264       0x30 Middlewares/Third_Party/FreeRTOS/Source/CMSIS_RTOS/cmsis_os.o
 .text.osKernelStart
                0x0000000008101294        0xe Middlewares/Third_Party/FreeRTOS/Source/CMSIS_RTOS/cmsis_os.o
                0x0000000008101294                osKernelStart
 .text.osThreadCreate
                0x00000000081012a2       0x98 Middlewares/Third_Party/FreeRTOS/Source/CMSIS_RTOS/cmsis_os.o
                0x00000000081012a2                osThreadCreate
 .text.osDelay  0x000000000810133a       0x28 Middlewares/Third_Party/FreeRTOS/Source/CMSIS_RTOS/cmsis_os.o
                0x000000000810133a                osDelay
 .text.vListInitialise
                0x0000000008101362       0x40 Middlewares/Third_Party/FreeRTOS/Source/list.o
                0x0000000008101362                vListInitialise
 .text.vListInitialiseItem
                0x00000000081013a2       0x1a Middlewares/Third_Party/FreeRTOS/Source/list.o
                0x00000000081013a2                vListInitialiseItem
 .text.vListInsertEnd
                0x00000000081013bc       0x48 Middlewares/Third_Party/FreeRTOS/Source/list.o
                0x00000000081013bc                vListInsertEnd
 .text.vListInsert
                0x0000000008101404       0x72 Middlewares/Third_Party/FreeRTOS/Source/list.o
                0x0000000008101404                vListInsert
 .text.uxListRemove
                0x0000000008101476       0x54 Middlewares/Third_Party/FreeRTOS/Source/list.o
                0x0000000008101476                uxListRemove
 .text.xTaskCreateStatic
                0x00000000081014ca       0xb4 Middlewares/Third_Party/FreeRTOS/Source/tasks.o
                0x00000000081014ca                xTaskCreateStatic
 .text.xTaskCreate
                0x000000000810157e       0x8a Middlewares/Third_Party/FreeRTOS/Source/tasks.o
                0x000000000810157e                xTaskCreate
 .text.prvInitialiseNewTask
                0x0000000008101608      0x10c Middlewares/Third_Party/FreeRTOS/Source/tasks.o
 .text.prvAddNewTaskToReadyList
                0x0000000008101714       0xd4 Middlewares/Third_Party/FreeRTOS/Source/tasks.o
 .text.vTaskDelay
                0x00000000081017e8       0x68 Middlewares/Third_Party/FreeRTOS/Source/tasks.o
                0x00000000081017e8                vTaskDelay
 .text.vTaskStartScheduler
                0x0000000008101850       0xbc Middlewares/Third_Party/FreeRTOS/Source/tasks.o
                0x0000000008101850                vTaskStartScheduler
 .text.vTaskSuspendAll
                0x000000000810190c       0x1c Middlewares/Third_Party/FreeRTOS/Source/tasks.o
                0x000000000810190c                vTaskSuspendAll
 .text.xTaskResumeAll
                0x0000000008101928      0x138 Middlewares/Third_Party/FreeRTOS/Source/tasks.o
                0x0000000008101928                xTaskResumeAll
 .text.xTaskIncrementTick
                0x0000000008101a60      0x170 Middlewares/Third_Party/FreeRTOS/Source/tasks.o
                0x0000000008101a60                xTaskIncrementTick
 .text.vTaskSwitchContext
                0x0000000008101bd0       0xb4 Middlewares/Third_Party/FreeRTOS/Source/tasks.o
                0x0000000008101bd0                vTaskSwitchContext
 .text.prvIdleTask
                0x0000000008101c84       0x30 Middlewares/Third_Party/FreeRTOS/Source/tasks.o
 .text.prvInitialiseTaskLists
                0x0000000008101cb4       0x80 Middlewares/Third_Party/FreeRTOS/Source/tasks.o
 .text.prvCheckTasksWaitingTermination
                0x0000000008101d34       0x58 Middlewares/Third_Party/FreeRTOS/Source/tasks.o
 .text.prvDeleteTCB
                0x0000000008101d8c       0x5c Middlewares/Third_Party/FreeRTOS/Source/tasks.o
 .text.prvResetNextTaskUnblockTime
                0x0000000008101de8       0x40 Middlewares/Third_Party/FreeRTOS/Source/tasks.o
 .text.prvAddCurrentTaskToDelayedList
                0x0000000008101e28       0xcc Middlewares/Third_Party/FreeRTOS/Source/tasks.o
 .text.pxPortInitialiseStack
                0x0000000008101ef4       0x68 Middlewares/Third_Party/FreeRTOS/Source/portable/GCC/ARM_CM4F/port.o
                0x0000000008101ef4                pxPortInitialiseStack
 .text.prvTaskExitError
                0x0000000008101f5c       0x54 Middlewares/Third_Party/FreeRTOS/Source/portable/GCC/ARM_CM4F/port.o
 .text.SVC_Handler
                0x0000000008101fb0       0x28 Middlewares/Third_Party/FreeRTOS/Source/portable/GCC/ARM_CM4F/port.o
                0x0000000008101fb0                SVC_Handler
 .text.prvPortStartFirstTask
                0x0000000008101fd8       0x28 Middlewares/Third_Party/FreeRTOS/Source/portable/GCC/ARM_CM4F/port.o
 .text.xPortStartScheduler
                0x0000000008102000      0x13c Middlewares/Third_Party/FreeRTOS/Source/portable/GCC/ARM_CM4F/port.o
                0x0000000008102000                xPortStartScheduler
 .text.vPortEnterCritical
                0x000000000810213c       0x5c Middlewares/Third_Party/FreeRTOS/Source/portable/GCC/ARM_CM4F/port.o
                0x000000000810213c                vPortEnterCritical
 .text.vPortExitCritical
                0x0000000008102198       0x50 Middlewares/Third_Party/FreeRTOS/Source/portable/GCC/ARM_CM4F/port.o
                0x0000000008102198                vPortExitCritical
 *fill*         0x00000000081021e8        0x8 
 .text.PendSV_Handler
                0x00000000081021f0       0x68 Middlewares/Third_Party/FreeRTOS/Source/portable/GCC/ARM_CM4F/port.o
                0x00000000081021f0                PendSV_Handler
 .text.SysTick_Handler
                0x0000000008102258       0x40 Middlewares/Third_Party/FreeRTOS/Source/portable/GCC/ARM_CM4F/port.o
                0x0000000008102258                SysTick_Handler
 .text.vPortSetupTimerInterrupt
                0x0000000008102298       0x48 Middlewares/Third_Party/FreeRTOS/Source/portable/GCC/ARM_CM4F/port.o
                0x0000000008102298                vPortSetupTimerInterrupt
 .text.vPortEnableVFP
                0x00000000081022e0       0x14 Middlewares/Third_Party/FreeRTOS/Source/portable/GCC/ARM_CM4F/port.o
 .text.pvPortMalloc
                0x00000000081022f4      0x184 Middlewares/Third_Party/FreeRTOS/Source/portable/MemMang/heap_4.o
                0x00000000081022f4                pvPortMalloc
 .text.vPortFree
                0x0000000008102478       0xb0 Middlewares/Third_Party/FreeRTOS/Source/portable/MemMang/heap_4.o
                0x0000000008102478                vPortFree
 .text.prvHeapInit
                0x0000000008102528       0xc4 Middlewares/Third_Party/FreeRTOS/Source/portable/MemMang/heap_4.o
 .text.prvInsertBlockIntoFreeList
                0x00000000081025ec       0xb4 Middlewares/Third_Party/FreeRTOS/Source/portable/MemMang/heap_4.o
 .text.__libc_init_array
                0x00000000081026a0       0x48 d:/st/stm32cubeide_1.3.0/stm32cubeide/plugins/com.st.stm32cube.ide.mcu.externaltools.gnu-tools-for-stm32.7-2018-q2-update.win32_1.0.0.201904181610/tools/bin/../lib/gcc/arm-none-eabi/7.3.1/../../../../arm-none-eabi/lib/thumb/v7e-m/fpv4-sp/hard\libc_nano.a(lib_a-init.o)
                0x00000000081026a0                __libc_init_array
 *(.glue_7)
 .glue_7        0x00000000081026e8        0x0 linker stubs
 *(.glue_7t)
 .glue_7t       0x00000000081026e8        0x0 linker stubs
 *(.eh_frame)
 .eh_frame      0x00000000081026e8        0x0 d:/st/stm32cubeide_1.3.0/stm32cubeide/plugins/com.st.stm32cube.ide.mcu.externaltools.gnu-tools-for-stm32.7-2018-q2-update.win32_1.0.0.201904181610/tools/bin/../lib/gcc/arm-none-eabi/7.3.1/thumb/v7e-m/fpv4-sp/hard/crtbegin.o
 *(.init)
 .init          0x00000000081026e8        0x4 d:/st/stm32cubeide_1.3.0/stm32cubeide/plugins/com.st.stm32cube.ide.mcu.externaltools.gnu-tools-for-stm32.7-2018-q2-update.win32_1.0.0.201904181610/tools/bin/../lib/gcc/arm-none-eabi/7.3.1/thumb/v7e-m/fpv4-sp/hard/crti.o
                0x00000000081026e8                _init
 .init          0x00000000081026ec        0x8 d:/st/stm32cubeide_1.3.0/stm32cubeide/plugins/com.st.stm32cube.ide.mcu.externaltools.gnu-tools-for-stm32.7-2018-q2-update.win32_1.0.0.201904181610/tools/bin/../lib/gcc/arm-none-eabi/7.3.1/thumb/v7e-m/fpv4-sp/hard/crtn.o
 *(.fini)
 .fini          0x00000000081026f4        0x4 d:/st/stm32cubeide_1.3.0/stm32cubeide/plugins/com.st.stm32cube.ide.mcu.externaltools.gnu-tools-for-stm32.7-2018-q2-update.win32_1.0.0.201904181610/tools/bin/../lib/gcc/arm-none-eabi/7.3.1/thumb/v7e-m/fpv4-sp/hard/crti.o
                0x00000000081026f4                _fini
 .fini          0x00000000081026f8        0x8 d:/st/stm32cubeide_1.3.0/stm32cubeide/plugins/com.st.stm32cube.ide.mcu.externaltools.gnu-tools-for-stm32.7-2018-q2-update.win32_1.0.0.201904181610/tools/bin/../lib/gcc/arm-none-eabi/7.3.1/thumb/v7e-m/fpv4-sp/hard/crtn.o
                0x0000000008102700                . = ALIGN (0x4)
                0x0000000008102700                _etext = .

.vfp11_veneer   0x0000000008102700        0x0
 .vfp11_veneer  0x0000000008102700        0x0 linker stubs

.v4_bx          0x0000000008102700        0x0
 .v4_bx         0x0000000008102700        0x0 linker stubs

.iplt           0x0000000008102700        0x0
 .iplt          0x0000000008102700        0x0 d:/st/stm32cubeide_1.3.0/stm32cubeide/plugins/com.st.stm32cube.ide.mcu.externaltools.gnu-tools-for-stm32.7-2018-q2-update.win32_1.0.0.201904181610/tools/bin/../lib/gcc/arm-none-eabi/7.3.1/thumb/v7e-m/fpv4-sp/hard/crtbegin.o

.rodata         0x0000000008102700       0x40
                0x0000000008102700                . = ALIGN (0x4)
 *(.rodata)
 .rodata        0x0000000008102700       0x28 Core/Src/freertos.o
 .rodata        0x0000000008102728        0x5 Middlewares/Third_Party/FreeRTOS/Source/tasks.o
 *(.rodata*)
 *fill*         0x000000000810272d        0x3 
 .rodata.D1CorePrescTable
                0x0000000008102730       0x10 Common/Src/system_stm32h7xx_dualcore_boot_cm4_cm7.o
                0x0000000008102730                D1CorePrescTable
                0x0000000008102740                . = ALIGN (0x4)

.rel.dyn        0x0000000008102740        0x0
 .rel.iplt      0x0000000008102740        0x0 d:/st/stm32cubeide_1.3.0/stm32cubeide/plugins/com.st.stm32cube.ide.mcu.externaltools.gnu-tools-for-stm32.7-2018-q2-update.win32_1.0.0.201904181610/tools/bin/../lib/gcc/arm-none-eabi/7.3.1/thumb/v7e-m/fpv4-sp/hard/crtbegin.o

.ARM.extab
 *(.ARM.extab* .gnu.linkonce.armextab.*)

.ARM            0x0000000008102740        0x0
                0x0000000008102740                __exidx_start = .
 *(.ARM.exidx*)
                0x0000000008102740                __exidx_end = .

.preinit_array  0x0000000008102740        0x0
                0x0000000008102740                PROVIDE (__preinit_array_start = .)
 *(.preinit_array*)
                0x0000000008102740                PROVIDE (__preinit_array_end = .)

.init_array     0x0000000008102740        0x4
                0x0000000008102740                PROVIDE (__init_array_start = .)
 *(SORT_BY_NAME(.init_array.*))
 *(.init_array*)
 .init_array    0x0000000008102740        0x4 d:/st/stm32cubeide_1.3.0/stm32cubeide/plugins/com.st.stm32cube.ide.mcu.externaltools.gnu-tools-for-stm32.7-2018-q2-update.win32_1.0.0.201904181610/tools/bin/../lib/gcc/arm-none-eabi/7.3.1/thumb/v7e-m/fpv4-sp/hard/crtbegin.o
                0x0000000008102744                PROVIDE (__init_array_end = .)

.fini_array     0x0000000008102744        0x4
                [!provide]                        PROVIDE (__fini_array_start = .)
 *(SORT_BY_NAME(.fini_array.*))
 *(.fini_array*)
 .fini_array    0x0000000008102744        0x4 d:/st/stm32cubeide_1.3.0/stm32cubeide/plugins/com.st.stm32cube.ide.mcu.externaltools.gnu-tools-for-stm32.7-2018-q2-update.win32_1.0.0.201904181610/tools/bin/../lib/gcc/arm-none-eabi/7.3.1/thumb/v7e-m/fpv4-sp/hard/crtbegin.o
                [!provide]                        PROVIDE (__fini_array_end = .)
                0x0000000008102748                _sidata = LOADADDR (.data)

.data           0x0000000010000000       0x10 load address 0x0000000008102748
                0x0000000010000000                . = ALIGN (0x4)
                0x0000000010000000                _sdata = .
 *(.data)
 *(.data*)
 .data.SystemCoreClock
                0x0000000010000000        0x4 Common/Src/system_stm32h7xx_dualcore_boot_cm4_cm7.o
                0x0000000010000000                SystemCoreClock
 .data.SystemD2Clock
                0x0000000010000004        0x4 Common/Src/system_stm32h7xx_dualcore_boot_cm4_cm7.o
                0x0000000010000004                SystemD2Clock
 .data.uwTickFreq
                0x0000000010000008        0x1 Drivers/STM32H7xx_HAL_Driver/Src/stm32h7xx_hal.o
                0x0000000010000008                uwTickFreq
 *fill*         0x0000000010000009        0x3 
 .data.uxCriticalNesting
                0x000000001000000c        0x4 Middlewares/Third_Party/FreeRTOS/Source/portable/GCC/ARM_CM4F/port.o
                0x0000000010000010                . = ALIGN (0x4)
                0x0000000010000010                _edata = .

.igot.plt       0x0000000010000010        0x0 load address 0x0000000008102758
 .igot.plt      0x0000000010000010        0x0 d:/st/stm32cubeide_1.3.0/stm32cubeide/plugins/com.st.stm32cube.ide.mcu.externaltools.gnu-tools-for-stm32.7-2018-q2-update.win32_1.0.0.201904181610/tools/bin/../lib/gcc/arm-none-eabi/7.3.1/thumb/v7e-m/fpv4-sp/hard/crtbegin.o
                0x0000000010000010                . = ALIGN (0x4)

.bss            0x0000000010000010     0x4004 load address 0x0000000008102758
                0x0000000010000010                _sbss = .
                0x0000000010000010                __bss_start__ = _sbss
 *(.bss)
 .bss           0x0000000010000010       0x1c d:/st/stm32cubeide_1.3.0/stm32cubeide/plugins/com.st.stm32cube.ide.mcu.externaltools.gnu-tools-for-stm32.7-2018-q2-update.win32_1.0.0.201904181610/tools/bin/../lib/gcc/arm-none-eabi/7.3.1/thumb/v7e-m/fpv4-sp/hard/crtbegin.o
 *(.bss*)
 .bss.xIdleTaskTCBBuffer
                0x000000001000002c       0x54 Core/Src/freertos.o
 .bss.xIdleStack
                0x0000000010000080      0x200 Core/Src/freertos.o
 .bss.pxCurrentTCB
                0x0000000010000280        0x4 Middlewares/Third_Party/FreeRTOS/Source/tasks.o
                0x0000000010000280                pxCurrentTCB
 .bss.pxReadyTasksLists
                0x0000000010000284       0x8c Middlewares/Third_Party/FreeRTOS/Source/tasks.o
 .bss.xDelayedTaskList1
                0x0000000010000310       0x14 Middlewares/Third_Party/FreeRTOS/Source/tasks.o
 .bss.xDelayedTaskList2
                0x0000000010000324       0x14 Middlewares/Third_Party/FreeRTOS/Source/tasks.o
 .bss.pxDelayedTaskList
                0x0000000010000338        0x4 Middlewares/Third_Party/FreeRTOS/Source/tasks.o
 .bss.pxOverflowDelayedTaskList
                0x000000001000033c        0x4 Middlewares/Third_Party/FreeRTOS/Source/tasks.o
 .bss.xPendingReadyList
                0x0000000010000340       0x14 Middlewares/Third_Party/FreeRTOS/Source/tasks.o
 .bss.xTasksWaitingTermination
                0x0000000010000354       0x14 Middlewares/Third_Party/FreeRTOS/Source/tasks.o
 .bss.uxDeletedTasksWaitingCleanUp
                0x0000000010000368        0x4 Middlewares/Third_Party/FreeRTOS/Source/tasks.o
 .bss.xSuspendedTaskList
                0x000000001000036c       0x14 Middlewares/Third_Party/FreeRTOS/Source/tasks.o
 .bss.uxCurrentNumberOfTasks
                0x0000000010000380        0x4 Middlewares/Third_Party/FreeRTOS/Source/tasks.o
 .bss.xTickCount
                0x0000000010000384        0x4 Middlewares/Third_Party/FreeRTOS/Source/tasks.o
 .bss.uxTopReadyPriority
                0x0000000010000388        0x4 Middlewares/Third_Party/FreeRTOS/Source/tasks.o
 .bss.xSchedulerRunning
                0x000000001000038c        0x4 Middlewares/Third_Party/FreeRTOS/Source/tasks.o
 .bss.uxPendedTicks
                0x0000000010000390        0x4 Middlewares/Third_Party/FreeRTOS/Source/tasks.o
 .bss.xYieldPending
                0x0000000010000394        0x4 Middlewares/Third_Party/FreeRTOS/Source/tasks.o
 .bss.xNumOfOverflows
                0x0000000010000398        0x4 Middlewares/Third_Party/FreeRTOS/Source/tasks.o
 .bss.uxTaskNumber
                0x000000001000039c        0x4 Middlewares/Third_Party/FreeRTOS/Source/tasks.o
 .bss.xNextTaskUnblockTime
                0x00000000100003a0        0x4 Middlewares/Third_Party/FreeRTOS/Source/tasks.o
 .bss.xIdleTaskHandle
                0x00000000100003a4        0x4 Middlewares/Third_Party/FreeRTOS/Source/tasks.o
 .bss.uxSchedulerSuspended
                0x00000000100003a8        0x4 Middlewares/Third_Party/FreeRTOS/Source/tasks.o
 .bss.ucMaxSysCallPriority
                0x00000000100003ac        0x1 Middlewares/Third_Party/FreeRTOS/Source/portable/GCC/ARM_CM4F/port.o
 *fill*         0x00000000100003ad        0x3 
 .bss.ulMaxPRIGROUPValue
                0x00000000100003b0        0x4 Middlewares/Third_Party/FreeRTOS/Source/portable/GCC/ARM_CM4F/port.o
 .bss.ucHeap    0x00000000100003b4     0x3c00 Middlewares/Third_Party/FreeRTOS/Source/portable/MemMang/heap_4.o
 .bss.xStart    0x0000000010003fb4        0x8 Middlewares/Third_Party/FreeRTOS/Source/portable/MemMang/heap_4.o
 .bss.pxEnd     0x0000000010003fbc        0x4 Middlewares/Third_Party/FreeRTOS/Source/portable/MemMang/heap_4.o
 .bss.xFreeBytesRemaining
                0x0000000010003fc0        0x4 Middlewares/Third_Party/FreeRTOS/Source/portable/MemMang/heap_4.o
 .bss.xMinimumEverFreeBytesRemaining
                0x0000000010003fc4        0x4 Middlewares/Third_Party/FreeRTOS/Source/portable/MemMang/heap_4.o
 .bss.xBlockAllocatedBit
                0x0000000010003fc8        0x4 Middlewares/Third_Party/FreeRTOS/Source/portable/MemMang/heap_4.o
 *(COMMON)
 COMMON         0x0000000010003fcc        0x4 Core/Src/freertos.o
                0x0000000010003fcc                defaultTaskHandle
 COMMON         0x0000000010003fd0       0x40 Core/Src/stm32h7xx_hal_timebase_tim.o
                0x0000000010003fd0                htim1
 COMMON         0x0000000010004010        0x4 Drivers/STM32H7xx_HAL_Driver/Src/stm32h7xx_hal.o
                0x0000000010004010                uwTick
                0x0000000010004014                . = ALIGN (0x4)
                0x0000000010004014                _ebss = .
                0x0000000010004014                __bss_end__ = _ebss

._user_heap_stack
                0x0000000010004014      0x604 load address 0x0000000008102758
                0x0000000010004018                . = ALIGN (0x8)
 *fill*         0x0000000010004014        0x4 
                0x0000000010004018                PROVIDE (end = .)
                [!provide]                        PROVIDE (_end = .)
                0x0000000010004218                . = (. + _Min_Heap_Size)
 *fill*         0x0000000010004018      0x200 
                0x0000000010004618                . = (. + _Min_Stack_Size)
 *fill*         0x0000000010004218      0x400 
                0x0000000010004618                . = ALIGN (0x8)

/DISCARD/
 libc.a(*)
 libm.a(*)
 libgcc.a(*)

.ARM.attributes
                0x0000000000000000       0x30
 *(.ARM.attributes)
 .ARM.attributes
                0x0000000000000000       0x22 d:/st/stm32cubeide_1.3.0/stm32cubeide/plugins/com.st.stm32cube.ide.mcu.externaltools.gnu-tools-for-stm32.7-2018-q2-update.win32_1.0.0.201904181610/tools/bin/../lib/gcc/arm-none-eabi/7.3.1/thumb/v7e-m/fpv4-sp/hard/crti.o
 .ARM.attributes
                0x0000000000000022       0x34 d:/st/stm32cubeide_1.3.0/stm32cubeide/plugins/com.st.stm32cube.ide.mcu.externaltools.gnu-tools-for-stm32.7-2018-q2-update.win32_1.0.0.201904181610/tools/bin/../lib/gcc/arm-none-eabi/7.3.1/thumb/v7e-m/fpv4-sp/hard/crtbegin.o
 .ARM.attributes
                0x0000000000000056       0x39 Common/Src/system_stm32h7xx_dualcore_boot_cm4_cm7.o
 .ARM.attributes
                0x000000000000008f       0x39 Core/Src/freertos.o
 .ARM.attributes
                0x00000000000000c8       0x39 Core/Src/main.o
 .ARM.attributes
                0x0000000000000101       0x39 Core/Src/stm32h7xx_hal_msp.o
 .ARM.attributes
                0x000000000000013a       0x39 Core/Src/stm32h7xx_hal_timebase_tim.o
 .ARM.attributes
                0x0000000000000173       0x39 Core/Src/stm32h7xx_it.o
 .ARM.attributes
                0x00000000000001ac       0x21 Core/Startup/startup_stm32h745zitx.o
 .ARM.attributes
                0x00000000000001cd       0x39 Drivers/STM32H7xx_HAL_Driver/Src/stm32h7xx_hal.o
 .ARM.attributes
                0x0000000000000206       0x39 Drivers/STM32H7xx_HAL_Driver/Src/stm32h7xx_hal_cortex.o
 .ARM.attributes
                0x000000000000023f       0x39 Drivers/STM32H7xx_HAL_Driver/Src/stm32h7xx_hal_hsem.o
 .ARM.attributes
                0x0000000000000278       0x39 Drivers/STM32H7xx_HAL_Driver/Src/stm32h7xx_hal_pwr_ex.o
 .ARM.attributes
                0x00000000000002b1       0x39 Drivers/STM32H7xx_HAL_Driver/Src/stm32h7xx_hal_rcc.o
 .ARM.attributes
                0x00000000000002ea       0x39 Drivers/STM32H7xx_HAL_Driver/Src/stm32h7xx_hal_tim.o
 .ARM.attributes
                0x0000000000000323       0x39 Drivers/STM32H7xx_HAL_Driver/Src/stm32h7xx_hal_tim_ex.o
 .ARM.attributes
                0x000000000000035c       0x39 Middlewares/Third_Party/FreeRTOS/Source/CMSIS_RTOS/cmsis_os.o
 .ARM.attributes
                0x0000000000000395       0x39 Middlewares/Third_Party/FreeRTOS/Source/list.o
 .ARM.attributes
                0x00000000000003ce       0x39 Middlewares/Third_Party/FreeRTOS/Source/tasks.o
 .ARM.attributes
                0x0000000000000407       0x39 Middlewares/Third_Party/FreeRTOS/Source/portable/GCC/ARM_CM4F/port.o
 .ARM.attributes
                0x0000000000000440       0x39 Middlewares/Third_Party/FreeRTOS/Source/portable/MemMang/heap_4.o
 .ARM.attributes
                0x0000000000000479       0x34 d:/st/stm32cubeide_1.3.0/stm32cubeide/plugins/com.st.stm32cube.ide.mcu.externaltools.gnu-tools-for-stm32.7-2018-q2-update.win32_1.0.0.201904181610/tools/bin/../lib/gcc/arm-none-eabi/7.3.1/../../../../arm-none-eabi/lib/thumb/v7e-m/fpv4-sp/hard\libc_nano.a(lib_a-init.o)
 .ARM.attributes
                0x00000000000004ad       0x22 d:/st/stm32cubeide_1.3.0/stm32cubeide/plugins/com.st.stm32cube.ide.mcu.externaltools.gnu-tools-for-stm32.7-2018-q2-update.win32_1.0.0.201904181610/tools/bin/../lib/gcc/arm-none-eabi/7.3.1/thumb/v7e-m/fpv4-sp/hard/crtn.o
OUTPUT(009GUPIK_ROV_ETH_CM4.elf elf32-littlearm)

.debug_info     0x0000000000000000    0x197f9
 .debug_info    0x0000000000000000     0x10ae Common/Src/system_stm32h7xx_dualcore_boot_cm4_cm7.o
 .debug_info    0x00000000000010ae      0xdd9 Core/Src/freertos.o
 .debug_info    0x0000000000001e87     0x19df Core/Src/main.o
 .debug_info    0x0000000000003866     0x11f7 Core/Src/stm32h7xx_hal_msp.o
 .debug_info    0x0000000000004a5d     0x18a9 Core/Src/stm32h7xx_hal_timebase_tim.o
 .debug_info    0x0000000000006306     0x10af Core/Src/stm32h7xx_it.o
 .debug_info    0x00000000000073b5       0x22 Core/Startup/startup_stm32h745zitx.o
 .debug_info    0x00000000000073d7     0x206a Drivers/STM32H7xx_HAL_Driver/Src/stm32h7xx_hal.o
 .debug_info    0x0000000000009441     0x18d0 Drivers/STM32H7xx_HAL_Driver/Src/stm32h7xx_hal_cortex.o
 .debug_info    0x000000000000ad11      0xdbf Drivers/STM32H7xx_HAL_Driver/Src/stm32h7xx_hal_hsem.o
 .debug_info    0x000000000000bad0     0x1939 Drivers/STM32H7xx_HAL_Driver/Src/stm32h7xx_hal_pwr_ex.o
 .debug_info    0x000000000000d409     0x179e Drivers/STM32H7xx_HAL_Driver/Src/stm32h7xx_hal_rcc.o
 .debug_info    0x000000000000eba7     0x3050 Drivers/STM32H7xx_HAL_Driver/Src/stm32h7xx_hal_tim.o
 .debug_info    0x0000000000011bf7     0x1d08 Drivers/STM32H7xx_HAL_Driver/Src/stm32h7xx_hal_tim_ex.o
 .debug_info    0x00000000000138ff     0x1e7e Middlewares/Third_Party/FreeRTOS/Source/CMSIS_RTOS/cmsis_os.o
 .debug_info    0x000000000001577d      0xacb Middlewares/Third_Party/FreeRTOS/Source/list.o
 .debug_info    0x0000000000016248     0x2494 Middlewares/Third_Party/FreeRTOS/Source/tasks.o
 .debug_info    0x00000000000186dc      0x533 Middlewares/Third_Party/FreeRTOS/Source/portable/GCC/ARM_CM4F/port.o
 .debug_info    0x0000000000018c0f      0xbea Middlewares/Third_Party/FreeRTOS/Source/portable/MemMang/heap_4.o

.debug_abbrev   0x0000000000000000     0x2e93
 .debug_abbrev  0x0000000000000000      0x21f Common/Src/system_stm32h7xx_dualcore_boot_cm4_cm7.o
 .debug_abbrev  0x000000000000021f      0x201 Core/Src/freertos.o
 .debug_abbrev  0x0000000000000420      0x255 Core/Src/main.o
 .debug_abbrev  0x0000000000000675      0x1e5 Core/Src/stm32h7xx_hal_msp.o
 .debug_abbrev  0x000000000000085a      0x23d Core/Src/stm32h7xx_hal_timebase_tim.o
 .debug_abbrev  0x0000000000000a97      0x1e7 Core/Src/stm32h7xx_it.o
 .debug_abbrev  0x0000000000000c7e       0x12 Core/Startup/startup_stm32h745zitx.o
 .debug_abbrev  0x0000000000000c90      0x2e2 Drivers/STM32H7xx_HAL_Driver/Src/stm32h7xx_hal.o
 .debug_abbrev  0x0000000000000f72      0x3b5 Drivers/STM32H7xx_HAL_Driver/Src/stm32h7xx_hal_cortex.o
 .debug_abbrev  0x0000000000001327      0x2ba Drivers/STM32H7xx_HAL_Driver/Src/stm32h7xx_hal_hsem.o
 .debug_abbrev  0x00000000000015e1      0x33a Drivers/STM32H7xx_HAL_Driver/Src/stm32h7xx_hal_pwr_ex.o
 .debug_abbrev  0x000000000000191b      0x2e2 Drivers/STM32H7xx_HAL_Driver/Src/stm32h7xx_hal_rcc.o
 .debug_abbrev  0x0000000000001bfd      0x2bd Drivers/STM32H7xx_HAL_Driver/Src/stm32h7xx_hal_tim.o
 .debug_abbrev  0x0000000000001eba      0x2ab Drivers/STM32H7xx_HAL_Driver/Src/stm32h7xx_hal_tim_ex.o
 .debug_abbrev  0x0000000000002165      0x379 Middlewares/Third_Party/FreeRTOS/Source/CMSIS_RTOS/cmsis_os.o
 .debug_abbrev  0x00000000000024de      0x1cf Middlewares/Third_Party/FreeRTOS/Source/list.o
 .debug_abbrev  0x00000000000026ad      0x338 Middlewares/Third_Party/FreeRTOS/Source/tasks.o
 .debug_abbrev  0x00000000000029e5      0x210 Middlewares/Third_Party/FreeRTOS/Source/portable/GCC/ARM_CM4F/port.o
 .debug_abbrev  0x0000000000002bf5      0x29e Middlewares/Third_Party/FreeRTOS/Source/portable/MemMang/heap_4.o

.debug_aranges  0x0000000000000000     0x10c0
 .debug_aranges
                0x0000000000000000       0x28 Common/Src/system_stm32h7xx_dualcore_boot_cm4_cm7.o
 .debug_aranges
                0x0000000000000028       0x30 Core/Src/freertos.o
 .debug_aranges
                0x0000000000000058       0x30 Core/Src/main.o
 .debug_aranges
                0x0000000000000088       0x20 Core/Src/stm32h7xx_hal_msp.o
 .debug_aranges
                0x00000000000000a8       0x30 Core/Src/stm32h7xx_hal_timebase_tim.o
 .debug_aranges
                0x00000000000000d8       0x50 Core/Src/stm32h7xx_it.o
 .debug_aranges
                0x0000000000000128       0x28 Core/Startup/startup_stm32h745zitx.o
 .debug_aranges
                0x0000000000000150      0x220 Drivers/STM32H7xx_HAL_Driver/Src/stm32h7xx_hal.o
 .debug_aranges
                0x0000000000000370      0x120 Drivers/STM32H7xx_HAL_Driver/Src/stm32h7xx_hal_cortex.o
 .debug_aranges
                0x0000000000000490       0x70 Drivers/STM32H7xx_HAL_Driver/Src/stm32h7xx_hal_hsem.o
 .debug_aranges
                0x0000000000000500      0x170 Drivers/STM32H7xx_HAL_Driver/Src/stm32h7xx_hal_pwr_ex.o
 .debug_aranges
                0x0000000000000670       0x88 Drivers/STM32H7xx_HAL_Driver/Src/stm32h7xx_hal_rcc.o
 .debug_aranges
                0x00000000000006f8      0x3c8 Drivers/STM32H7xx_HAL_Driver/Src/stm32h7xx_hal_tim.o
 .debug_aranges
                0x0000000000000ac0      0x170 Drivers/STM32H7xx_HAL_Driver/Src/stm32h7xx_hal_tim_ex.o
 .debug_aranges
                0x0000000000000c30      0x1d8 Middlewares/Third_Party/FreeRTOS/Source/CMSIS_RTOS/cmsis_os.o
 .debug_aranges
                0x0000000000000e08       0x40 Middlewares/Third_Party/FreeRTOS/Source/list.o
 .debug_aranges
                0x0000000000000e48      0x1a8 Middlewares/Third_Party/FreeRTOS/Source/tasks.o
 .debug_aranges
                0x0000000000000ff0       0x80 Middlewares/Third_Party/FreeRTOS/Source/portable/GCC/ARM_CM4F/port.o
 .debug_aranges
                0x0000000000001070       0x50 Middlewares/Third_Party/FreeRTOS/Source/portable/MemMang/heap_4.o

.debug_ranges   0x0000000000000000      0xf98
 .debug_ranges  0x0000000000000000       0x18 Common/Src/system_stm32h7xx_dualcore_boot_cm4_cm7.o
 .debug_ranges  0x0000000000000018       0x20 Core/Src/freertos.o
 .debug_ranges  0x0000000000000038       0x20 Core/Src/main.o
 .debug_ranges  0x0000000000000058       0x10 Core/Src/stm32h7xx_hal_msp.o
 .debug_ranges  0x0000000000000068       0x20 Core/Src/stm32h7xx_hal_timebase_tim.o
 .debug_ranges  0x0000000000000088       0x40 Core/Src/stm32h7xx_it.o
 .debug_ranges  0x00000000000000c8       0x20 Core/Startup/startup_stm32h745zitx.o
 .debug_ranges  0x00000000000000e8      0x210 Drivers/STM32H7xx_HAL_Driver/Src/stm32h7xx_hal.o
 .debug_ranges  0x00000000000002f8      0x110 Drivers/STM32H7xx_HAL_Driver/Src/stm32h7xx_hal_cortex.o
 .debug_ranges  0x0000000000000408       0x60 Drivers/STM32H7xx_HAL_Driver/Src/stm32h7xx_hal_hsem.o
 .debug_ranges  0x0000000000000468      0x160 Drivers/STM32H7xx_HAL_Driver/Src/stm32h7xx_hal_pwr_ex.o
 .debug_ranges  0x00000000000005c8       0x78 Drivers/STM32H7xx_HAL_Driver/Src/stm32h7xx_hal_rcc.o
 .debug_ranges  0x0000000000000640      0x3b8 Drivers/STM32H7xx_HAL_Driver/Src/stm32h7xx_hal_tim.o
 .debug_ranges  0x00000000000009f8      0x160 Drivers/STM32H7xx_HAL_Driver/Src/stm32h7xx_hal_tim_ex.o
 .debug_ranges  0x0000000000000b58      0x1c8 Middlewares/Third_Party/FreeRTOS/Source/CMSIS_RTOS/cmsis_os.o
 .debug_ranges  0x0000000000000d20       0x30 Middlewares/Third_Party/FreeRTOS/Source/list.o
 .debug_ranges  0x0000000000000d50      0x198 Middlewares/Third_Party/FreeRTOS/Source/tasks.o
 .debug_ranges  0x0000000000000ee8       0x70 Middlewares/Third_Party/FreeRTOS/Source/portable/GCC/ARM_CM4F/port.o
 .debug_ranges  0x0000000000000f58       0x40 Middlewares/Third_Party/FreeRTOS/Source/portable/MemMang/heap_4.o

.debug_macro    0x0000000000000000    0x3a120
 .debug_macro   0x0000000000000000      0x2a2 Common/Src/system_stm32h7xx_dualcore_boot_cm4_cm7.o
 .debug_macro   0x00000000000002a2      0xa60 Common/Src/system_stm32h7xx_dualcore_boot_cm4_cm7.o
 .debug_macro   0x0000000000000d02       0x2e Common/Src/system_stm32h7xx_dualcore_boot_cm4_cm7.o
 .debug_macro   0x0000000000000d30       0x3b Common/Src/system_stm32h7xx_dualcore_boot_cm4_cm7.o
 .debug_macro   0x0000000000000d6b       0x22 Common/Src/system_stm32h7xx_dualcore_boot_cm4_cm7.o
 .debug_macro   0x0000000000000d8d       0x8e Common/Src/system_stm32h7xx_dualcore_boot_cm4_cm7.o
 .debug_macro   0x0000000000000e1b       0x51 Common/Src/system_stm32h7xx_dualcore_boot_cm4_cm7.o
 .debug_macro   0x0000000000000e6c       0xef Common/Src/system_stm32h7xx_dualcore_boot_cm4_cm7.o
 .debug_macro   0x0000000000000f5b       0x6a Common/Src/system_stm32h7xx_dualcore_boot_cm4_cm7.o
 .debug_macro   0x0000000000000fc5      0x1df Common/Src/system_stm32h7xx_dualcore_boot_cm4_cm7.o
 .debug_macro   0x00000000000011a4       0x1c Common/Src/system_stm32h7xx_dualcore_boot_cm4_cm7.o
 .debug_macro   0x00000000000011c0       0x22 Common/Src/system_stm32h7xx_dualcore_boot_cm4_cm7.o
 .debug_macro   0x00000000000011e2       0xdf Common/Src/system_stm32h7xx_dualcore_boot_cm4_cm7.o
 .debug_macro   0x00000000000012c1     0x102d Common/Src/system_stm32h7xx_dualcore_boot_cm4_cm7.o
 .debug_macro   0x00000000000022ee      0x11f Common/Src/system_stm32h7xx_dualcore_boot_cm4_cm7.o
 .debug_macro   0x000000000000240d    0x26858 Common/Src/system_stm32h7xx_dualcore_boot_cm4_cm7.o
 .debug_macro   0x0000000000028c65       0x43 Common/Src/system_stm32h7xx_dualcore_boot_cm4_cm7.o
 .debug_macro   0x0000000000028ca8      0x21b Common/Src/system_stm32h7xx_dualcore_boot_cm4_cm7.o
 .debug_macro   0x0000000000028ec3     0x3cd3 Common/Src/system_stm32h7xx_dualcore_boot_cm4_cm7.o
 .debug_macro   0x000000000002cb96      0x174 Common/Src/system_stm32h7xx_dualcore_boot_cm4_cm7.o
 .debug_macro   0x000000000002cd0a       0x46 Common/Src/system_stm32h7xx_dualcore_boot_cm4_cm7.o
 .debug_macro   0x000000000002cd50       0x18 Common/Src/system_stm32h7xx_dualcore_boot_cm4_cm7.o
 .debug_macro   0x000000000002cd68       0x3c Common/Src/system_stm32h7xx_dualcore_boot_cm4_cm7.o
 .debug_macro   0x000000000002cda4       0x34 Common/Src/system_stm32h7xx_dualcore_boot_cm4_cm7.o
 .debug_macro   0x000000000002cdd8       0x52 Common/Src/system_stm32h7xx_dualcore_boot_cm4_cm7.o
 .debug_macro   0x000000000002ce2a       0x1f Common/Src/system_stm32h7xx_dualcore_boot_cm4_cm7.o
 .debug_macro   0x000000000002ce49       0x43 Common/Src/system_stm32h7xx_dualcore_boot_cm4_cm7.o
 .debug_macro   0x000000000002ce8c       0x20 Common/Src/system_stm32h7xx_dualcore_boot_cm4_cm7.o
 .debug_macro   0x000000000002ceac      0x1a3 Common/Src/system_stm32h7xx_dualcore_boot_cm4_cm7.o
 .debug_macro   0x000000000002d04f      0x32a Common/Src/system_stm32h7xx_dualcore_boot_cm4_cm7.o
 .debug_macro   0x000000000002d379      0x1e1 Common/Src/system_stm32h7xx_dualcore_boot_cm4_cm7.o
 .debug_macro   0x000000000002d55a       0x54 Common/Src/system_stm32h7xx_dualcore_boot_cm4_cm7.o
 .debug_macro   0x000000000002d5ae     0x3a9d Common/Src/system_stm32h7xx_dualcore_boot_cm4_cm7.o
 .debug_macro   0x000000000003104b     0x102c Common/Src/system_stm32h7xx_dualcore_boot_cm4_cm7.o
 .debug_macro   0x0000000000032077      0x138 Common/Src/system_stm32h7xx_dualcore_boot_cm4_cm7.o
 .debug_macro   0x00000000000321af      0x133 Common/Src/system_stm32h7xx_dualcore_boot_cm4_cm7.o
 .debug_macro   0x00000000000322e2      0x3a0 Common/Src/system_stm32h7xx_dualcore_boot_cm4_cm7.o
 .debug_macro   0x0000000000032682       0x27 Common/Src/system_stm32h7xx_dualcore_boot_cm4_cm7.o
 .debug_macro   0x00000000000326a9      0x72d Common/Src/system_stm32h7xx_dualcore_boot_cm4_cm7.o
 .debug_macro   0x0000000000032dd6      0x229 Common/Src/system_stm32h7xx_dualcore_boot_cm4_cm7.o
 .debug_macro   0x0000000000032fff       0x66 Common/Src/system_stm32h7xx_dualcore_boot_cm4_cm7.o
 .debug_macro   0x0000000000033065      0x3ad Common/Src/system_stm32h7xx_dualcore_boot_cm4_cm7.o
 .debug_macro   0x0000000000033412      0x408 Common/Src/system_stm32h7xx_dualcore_boot_cm4_cm7.o
 .debug_macro   0x000000000003381a      0x244 Common/Src/system_stm32h7xx_dualcore_boot_cm4_cm7.o
 .debug_macro   0x0000000000033a5e      0x3cb Common/Src/system_stm32h7xx_dualcore_boot_cm4_cm7.o
 .debug_macro   0x0000000000033e29      0x4a9 Common/Src/system_stm32h7xx_dualcore_boot_cm4_cm7.o
 .debug_macro   0x00000000000342d2       0x51 Common/Src/system_stm32h7xx_dualcore_boot_cm4_cm7.o
 .debug_macro   0x0000000000034323       0x4a Common/Src/system_stm32h7xx_dualcore_boot_cm4_cm7.o
 .debug_macro   0x000000000003436d      0x22c Common/Src/system_stm32h7xx_dualcore_boot_cm4_cm7.o
 .debug_macro   0x0000000000034599       0x58 Common/Src/system_stm32h7xx_dualcore_boot_cm4_cm7.o
 .debug_macro   0x00000000000345f1       0xa5 Common/Src/system_stm32h7xx_dualcore_boot_cm4_cm7.o
 .debug_macro   0x0000000000034696      0x219 Common/Src/system_stm32h7xx_dualcore_boot_cm4_cm7.o
 .debug_macro   0x00000000000348af      0x2e5 Common/Src/system_stm32h7xx_dualcore_boot_cm4_cm7.o
 .debug_macro   0x0000000000034b94       0x35 Common/Src/system_stm32h7xx_dualcore_boot_cm4_cm7.o
 .debug_macro   0x0000000000034bc9      0xaad Common/Src/system_stm32h7xx_dualcore_boot_cm4_cm7.o
 .debug_macro   0x0000000000035676      0x2a0 Common/Src/system_stm32h7xx_dualcore_boot_cm4_cm7.o
 .debug_macro   0x0000000000035916      0x662 Common/Src/system_stm32h7xx_dualcore_boot_cm4_cm7.o
 .debug_macro   0x0000000000035f78       0xa6 Common/Src/system_stm32h7xx_dualcore_boot_cm4_cm7.o
 .debug_macro   0x000000000003601e      0x783 Common/Src/system_stm32h7xx_dualcore_boot_cm4_cm7.o
 .debug_macro   0x00000000000367a1      0x35e Core/Src/freertos.o
 .debug_macro   0x0000000000036aff       0xea Core/Src/freertos.o
 .debug_macro   0x0000000000036be9      0x15a Core/Src/freertos.o
 .debug_macro   0x0000000000036d43       0xde Core/Src/freertos.o
 .debug_macro   0x0000000000036e21       0x1c Core/Src/freertos.o
 .debug_macro   0x0000000000036e3d       0x26 Core/Src/freertos.o
 .debug_macro   0x0000000000036e63      0x4e8 Core/Src/freertos.o
 .debug_macro   0x000000000003734b       0xb5 Core/Src/freertos.o
 .debug_macro   0x0000000000037400       0xaa Core/Src/freertos.o
 .debug_macro   0x00000000000374aa       0x1c Core/Src/freertos.o
 .debug_macro   0x00000000000374c6       0x91 Core/Src/freertos.o
 .debug_macro   0x0000000000037557       0x8d Core/Src/freertos.o
 .debug_macro   0x00000000000375e4       0x7e Core/Src/freertos.o
 .debug_macro   0x0000000000037662       0x19 Core/Src/freertos.o
 .debug_macro   0x000000000003767b       0xf2 Core/Src/freertos.o
 .debug_macro   0x000000000003776d      0x372 Core/Src/main.o
 .debug_macro   0x0000000000037adf       0xea Core/Src/main.o
 .debug_macro   0x0000000000037bc9      0x2ab Core/Src/stm32h7xx_hal_msp.o
 .debug_macro   0x0000000000037e74      0x29c Core/Src/stm32h7xx_hal_timebase_tim.o
 .debug_macro   0x0000000000038110      0x31d Core/Src/stm32h7xx_it.o
 .debug_macro   0x000000000003842d      0x2c6 Drivers/STM32H7xx_HAL_Driver/Src/stm32h7xx_hal.o
 .debug_macro   0x00000000000386f3      0x29c Drivers/STM32H7xx_HAL_Driver/Src/stm32h7xx_hal_cortex.o
 .debug_macro   0x000000000003898f      0x2ae Drivers/STM32H7xx_HAL_Driver/Src/stm32h7xx_hal_hsem.o
 .debug_macro   0x0000000000038c3d      0x2d5 Drivers/STM32H7xx_HAL_Driver/Src/stm32h7xx_hal_pwr_ex.o
 .debug_macro   0x0000000000038f12      0x2c0 Drivers/STM32H7xx_HAL_Driver/Src/stm32h7xx_hal_rcc.o
 .debug_macro   0x00000000000391d2      0x29d Drivers/STM32H7xx_HAL_Driver/Src/stm32h7xx_hal_tim.o
 .debug_macro   0x000000000003946f      0x29c Drivers/STM32H7xx_HAL_Driver/Src/stm32h7xx_hal_tim_ex.o
 .debug_macro   0x000000000003970b      0x1f1 Middlewares/Third_Party/FreeRTOS/Source/CMSIS_RTOS/cmsis_os.o
 .debug_macro   0x00000000000398fc       0x10 Middlewares/Third_Party/FreeRTOS/Source/CMSIS_RTOS/cmsis_os.o
 .debug_macro   0x000000000003990c       0x20 Middlewares/Third_Party/FreeRTOS/Source/CMSIS_RTOS/cmsis_os.o
 .debug_macro   0x000000000003992c       0xc7 Middlewares/Third_Party/FreeRTOS/Source/CMSIS_RTOS/cmsis_os.o
 .debug_macro   0x00000000000399f3      0x17a Middlewares/Third_Party/FreeRTOS/Source/list.o
 .debug_macro   0x0000000000039b6d      0x26c Middlewares/Third_Party/FreeRTOS/Source/tasks.o
 .debug_macro   0x0000000000039dd9       0x10 Middlewares/Third_Party/FreeRTOS/Source/tasks.o
 .debug_macro   0x0000000000039de9      0x196 Middlewares/Third_Party/FreeRTOS/Source/portable/GCC/ARM_CM4F/port.o
 .debug_macro   0x0000000000039f7f      0x1a1 Middlewares/Third_Party/FreeRTOS/Source/portable/MemMang/heap_4.o

.debug_line     0x0000000000000000     0xd3f6
 .debug_line    0x0000000000000000      0x8c3 Common/Src/system_stm32h7xx_dualcore_boot_cm4_cm7.o
 .debug_line    0x00000000000008c3      0x9fb Core/Src/freertos.o
 .debug_line    0x00000000000012be      0xa13 Core/Src/main.o
 .debug_line    0x0000000000001cd1      0x854 Core/Src/stm32h7xx_hal_msp.o
 .debug_line    0x0000000000002525      0x888 Core/Src/stm32h7xx_hal_timebase_tim.o
 .debug_line    0x0000000000002dad      0x9df Core/Src/stm32h7xx_it.o
 .debug_line    0x000000000000378c       0x85 Core/Startup/startup_stm32h745zitx.o
 .debug_line    0x0000000000003811      0xd6f Drivers/STM32H7xx_HAL_Driver/Src/stm32h7xx_hal.o
 .debug_line    0x0000000000004580      0xbb5 Drivers/STM32H7xx_HAL_Driver/Src/stm32h7xx_hal_cortex.o
 .debug_line    0x0000000000005135      0x95c Drivers/STM32H7xx_HAL_Driver/Src/stm32h7xx_hal_hsem.o
 .debug_line    0x0000000000005a91      0xcd1 Drivers/STM32H7xx_HAL_Driver/Src/stm32h7xx_hal_pwr_ex.o
 .debug_line    0x0000000000006762      0xc20 Drivers/STM32H7xx_HAL_Driver/Src/stm32h7xx_hal_rcc.o
 .debug_line    0x0000000000007382     0x1d52 Drivers/STM32H7xx_HAL_Driver/Src/stm32h7xx_hal_tim.o
 .debug_line    0x00000000000090d4      0xfbd Drivers/STM32H7xx_HAL_Driver/Src/stm32h7xx_hal_tim_ex.o
 .debug_line    0x000000000000a091      0xcec Middlewares/Third_Party/FreeRTOS/Source/CMSIS_RTOS/cmsis_os.o
 .debug_line    0x000000000000ad7d      0x695 Middlewares/Third_Party/FreeRTOS/Source/list.o
 .debug_line    0x000000000000b412     0x115c Middlewares/Third_Party/FreeRTOS/Source/tasks.o
 .debug_line    0x000000000000c56e      0x70d Middlewares/Third_Party/FreeRTOS/Source/portable/GCC/ARM_CM4F/port.o
 .debug_line    0x000000000000cc7b      0x77b Middlewares/Third_Party/FreeRTOS/Source/portable/MemMang/heap_4.o

.debug_str      0x0000000000000000   0x185401
 .debug_str     0x0000000000000000   0x178826 Common/Src/system_stm32h7xx_dualcore_boot_cm4_cm7.o
                                     0x178d49 (size before relaxing)
 .debug_str     0x0000000000178826     0x61f5 Core/Src/freertos.o
                                     0x17ec28 (size before relaxing)
 .debug_str     0x000000000017ea1b      0x750 Core/Src/main.o
                                     0x17f3a3 (size before relaxing)
 .debug_str     0x000000000017f16b      0x820 Core/Src/stm32h7xx_hal_msp.o
                                     0x179504 (size before relaxing)
 .debug_str     0x000000000017f98b      0x152 Core/Src/stm32h7xx_hal_timebase_tim.o
                                     0x179ab5 (size before relaxing)
 .debug_str     0x000000000017fadd       0x92 Core/Src/stm32h7xx_it.o
                                     0x17cd41 (size before relaxing)
 .debug_str     0x000000000017fb6f       0x36 Core/Startup/startup_stm32h745zitx.o
                                         0x66 (size before relaxing)
 .debug_str     0x000000000017fba5      0xa20 Drivers/STM32H7xx_HAL_Driver/Src/stm32h7xx_hal.o
                                     0x17a027 (size before relaxing)
 .debug_str     0x00000000001805c5      0x3c0 Drivers/STM32H7xx_HAL_Driver/Src/stm32h7xx_hal_cortex.o
                                     0x1797fd (size before relaxing)
 .debug_str     0x0000000000180985      0x1e4 Drivers/STM32H7xx_HAL_Driver/Src/stm32h7xx_hal_hsem.o
                                     0x178c4d (size before relaxing)
 .debug_str     0x0000000000180b69      0x6d8 Drivers/STM32H7xx_HAL_Driver/Src/stm32h7xx_hal_pwr_ex.o
                                     0x1793cc (size before relaxing)
 .debug_str     0x0000000000181241      0x518 Drivers/STM32H7xx_HAL_Driver/Src/stm32h7xx_hal_rcc.o
                                     0x1792c3 (size before relaxing)
 .debug_str     0x0000000000181759      0xdf3 Drivers/STM32H7xx_HAL_Driver/Src/stm32h7xx_hal_tim.o
                                     0x179e24 (size before relaxing)
 .debug_str     0x000000000018254c      0x63a Drivers/STM32H7xx_HAL_Driver/Src/stm32h7xx_hal_tim_ex.o
                                     0x179714 (size before relaxing)
 .debug_str     0x0000000000182b86      0x976 Middlewares/Third_Party/FreeRTOS/Source/CMSIS_RTOS/cmsis_os.o
                                       0xe158 (size before relaxing)
 .debug_str     0x00000000001834fc      0x23c Middlewares/Third_Party/FreeRTOS/Source/list.o
                                       0xa78a (size before relaxing)
 .debug_str     0x0000000000183738     0x1226 Middlewares/Third_Party/FreeRTOS/Source/tasks.o
                                       0xc9ab (size before relaxing)
 .debug_str     0x000000000018495e      0x826 Middlewares/Third_Party/FreeRTOS/Source/portable/GCC/ARM_CM4F/port.o
                                       0x8553 (size before relaxing)
 .debug_str     0x0000000000185184      0x27d Middlewares/Third_Party/FreeRTOS/Source/portable/MemMang/heap_4.o
                                       0xaf7d (size before relaxing)

.comment        0x0000000000000000       0x7b
 .comment       0x0000000000000000       0x7b Common/Src/system_stm32h7xx_dualcore_boot_cm4_cm7.o
                                         0x7c (size before relaxing)
 .comment       0x000000000000007b       0x7c Core/Src/freertos.o
 .comment       0x000000000000007b       0x7c Core/Src/main.o
 .comment       0x000000000000007b       0x7c Core/Src/stm32h7xx_hal_msp.o
 .comment       0x000000000000007b       0x7c Core/Src/stm32h7xx_hal_timebase_tim.o
 .comment       0x000000000000007b       0x7c Core/Src/stm32h7xx_it.o
 .comment       0x000000000000007b       0x7c Drivers/STM32H7xx_HAL_Driver/Src/stm32h7xx_hal.o
 .comment       0x000000000000007b       0x7c Drivers/STM32H7xx_HAL_Driver/Src/stm32h7xx_hal_cortex.o
 .comment       0x000000000000007b       0x7c Drivers/STM32H7xx_HAL_Driver/Src/stm32h7xx_hal_hsem.o
 .comment       0x000000000000007b       0x7c Drivers/STM32H7xx_HAL_Driver/Src/stm32h7xx_hal_pwr_ex.o
 .comment       0x000000000000007b       0x7c Drivers/STM32H7xx_HAL_Driver/Src/stm32h7xx_hal_rcc.o
 .comment       0x000000000000007b       0x7c Drivers/STM32H7xx_HAL_Driver/Src/stm32h7xx_hal_tim.o
 .comment       0x000000000000007b       0x7c Drivers/STM32H7xx_HAL_Driver/Src/stm32h7xx_hal_tim_ex.o
 .comment       0x000000000000007b       0x7c Middlewares/Third_Party/FreeRTOS/Source/CMSIS_RTOS/cmsis_os.o
 .comment       0x000000000000007b       0x7c Middlewares/Third_Party/FreeRTOS/Source/list.o
 .comment       0x000000000000007b       0x7c Middlewares/Third_Party/FreeRTOS/Source/tasks.o
 .comment       0x000000000000007b       0x7c Middlewares/Third_Party/FreeRTOS/Source/portable/GCC/ARM_CM4F/port.o
 .comment       0x000000000000007b       0x7c Middlewares/Third_Party/FreeRTOS/Source/portable/MemMang/heap_4.o

.debug_frame    0x0000000000000000     0x44c0
 .debug_frame   0x0000000000000000       0x58 Common/Src/system_stm32h7xx_dualcore_boot_cm4_cm7.o
 .debug_frame   0x0000000000000058       0x80 Core/Src/freertos.o
 .debug_frame   0x00000000000000d8       0x74 Core/Src/main.o
 .debug_frame   0x000000000000014c       0x34 Core/Src/stm32h7xx_hal_msp.o
 .debug_frame   0x0000000000000180       0x74 Core/Src/stm32h7xx_hal_timebase_tim.o
 .debug_frame   0x00000000000001f4       0xcc Core/Src/stm32h7xx_it.o
 .debug_frame   0x00000000000002c0      0x8c8 Drivers/STM32H7xx_HAL_Driver/Src/stm32h7xx_hal.o
 .debug_frame   0x0000000000000b88      0x4b8 Drivers/STM32H7xx_HAL_Driver/Src/stm32h7xx_hal_cortex.o
 .debug_frame   0x0000000000001040      0x1bc Drivers/STM32H7xx_HAL_Driver/Src/stm32h7xx_hal_hsem.o
 .debug_frame   0x00000000000011fc      0x5ec Drivers/STM32H7xx_HAL_Driver/Src/stm32h7xx_hal_pwr_ex.o
 .debug_frame   0x00000000000017e8      0x1f8 Drivers/STM32H7xx_HAL_Driver/Src/stm32h7xx_hal_rcc.o
 .debug_frame   0x00000000000019e0     0x118c Drivers/STM32H7xx_HAL_Driver/Src/stm32h7xx_hal_tim.o
 .debug_frame   0x0000000000002b6c      0x660 Drivers/STM32H7xx_HAL_Driver/Src/stm32h7xx_hal_tim_ex.o
 .debug_frame   0x00000000000031cc      0x80c Middlewares/Third_Party/FreeRTOS/Source/CMSIS_RTOS/cmsis_os.o
 .debug_frame   0x00000000000039d8       0xd8 Middlewares/Third_Party/FreeRTOS/Source/list.o
 .debug_frame   0x0000000000003ab0      0x734 Middlewares/Third_Party/FreeRTOS/Source/tasks.o
 .debug_frame   0x00000000000041e4      0x1a8 Middlewares/Third_Party/FreeRTOS/Source/portable/GCC/ARM_CM4F/port.o
 .debug_frame   0x000000000000438c      0x108 Middlewares/Third_Party/FreeRTOS/Source/portable/MemMang/heap_4.o
 .debug_frame   0x0000000000004494       0x2c d:/st/stm32cubeide_1.3.0/stm32cubeide/plugins/com.st.stm32cube.ide.mcu.externaltools.gnu-tools-for-stm32.7-2018-q2-update.win32_1.0.0.201904181610/tools/bin/../lib/gcc/arm-none-eabi/7.3.1/../../../../arm-none-eabi/lib/thumb/v7e-m/fpv4-sp/hard\libc_nano.a(lib_a-init.o)
